AR ffjk01 behavioral /home/alekz/Descargas/Ejercicios02/FFJK01.vhd sub00/vhpl01 1657761456
EN estados13 NULL /home/alekz/Descargas/Ejercicios02/Estados13.vhd sub00/vhpl02 1657723716
AR estados13 behavioral /home/alekz/Descargas/Ejercicios02/Estados13.vhd sub00/vhpl03 1657723717
EN ffjk01 NULL /home/alekz/Descargas/Ejercicios02/FFJK01.vhd sub00/vhpl00 1657761455
